{"[\"\\\"\\\\\\/\\b\\f\\n\\r\\t\"]", ["\"\\/\b\f\n\r\t"]}