{"{\"x\":[{\"id\": \"xxxxxxxxxxxxxxxxxxxxxxxxxxxxxxxxxxxxxxxx\"}], \"id\": \"xxxxxxxxxxxxxxxxxxxxxxxxxxxxxxxxxxxxxxxx\"}",
 %{
   "id" => "xxxxxxxxxxxxxxxxxxxxxxxxxxxxxxxxxxxxxxxx",
   "x" => [%{"id" => "xxxxxxxxxxxxxxxxxxxxxxxxxxxxxxxxxxxxxxxx"}]
 }}