{"{ \"min\": -1.0e+28, \"max\": 1.0e+28 }",
 %{"max" => 1.0e28, "min" => -1.0e28}}