{"{\"foo\\u0000bar\": 42}", %{<<102, 111, 111, 0, 98, 97, 114>> => 42}}