{"{\"asd\":\"sdf\", \"dfg\":\"fgh\"}", %{"asd" => "sdf", "dfg" => "fgh"}}