{<<91, 34, 239, 191, 191, 34, 93>>, [<<239, 191, 191>>]}