{"[-0.000000000000000000000000000000000000000000000000000000000000000000000000000001]\n",
 [-1.0e-78]}